// Jest Snapshot v1, https://goo.gl/fbAQLP

exports[`SearchPageComponent matches snapshot 1`] = `
<Page
  description="SearchPage.schemaDescription"
  schema={
    Object {
      "@context": "http://schema.org",
      "@type": "SearchResultsPage",
      "description": "SearchPage.schemaDescription",
      "mainEntity": Array [
        "{\\"@type\\":\\"ItemList\\",\\"name\\":\\"SearchPage.schemaMapSearch\\",\\"itemListOrder\\":\\"http://schema.org/ItemListOrderAscending\\",\\"itemListElement\\":[]}",
      ],
      "name": "SearchPage.schemaTitle",
    }
  }
  scrollingDisabled={false}
  title="SearchPage.schemaTitle"
>
  <withRouter(Connect(TopbarContainerComponent))
    className="topbar"
    currentPage="SearchPage"
    currentSearchParams={Object {}}
  />
  <div
    className="container"
  >
    <MainPanel
      className={null}
      filterConfig={
        Array [
          Object {
            "config": Object {
              "options": Array [
                Object {
                  "key": "0",
                  "label": "Any length",
                },
                Object {
                  "key": "60",
                  "label": "1 hour",
                  "shortLabel": "1h",
                },
                Object {
                  "key": "120",
                  "label": "2 hours",
                  "shortLabel": "2h",
                },
              ],
              "searchTimeZone": "Etc/UTC",
            },
            "group": "primary",
            "id": "dates-length",
            "label": "Dates",
            "queryParamNames": Array [
              "dates",
              "minDuration",
            ],
            "type": "BookingDateRangeLengthFilter",
          },
          Object {
            "config": Object {
              "max": 1000,
              "min": 0,
              "step": 5,
            },
            "group": "primary",
            "id": "price",
            "label": "Price",
            "queryParamNames": Array [
              "price",
            ],
            "type": "PriceFilter",
          },
          Object {
            "config": Object {},
            "group": "primary",
            "id": "keyword",
            "label": "Keyword",
            "queryParamNames": Array [
              "keywords",
            ],
            "type": "KeywordFilter",
          },
          Object {
            "config": Object {
              "options": Array [
                Object {
                  "key": "phone",
                  "label": "Phone",
                },
                Object {
                  "key": "email",
                  "label": "E-Mail",
                },
                Object {
                  "key": "chat",
                  "label": "Chat",
                },
                Object {
                  "key": "inPerson",
                  "label": "In-Person",
                },
              ],
              "searchMode": "has_all",
            },
            "group": "primary",
            "id": "salesMedium",
            "label": "Medium",
            "queryParamNames": Array [
              "salesMedium",
            ],
            "type": "SelectMultipleFilter",
          },
          Object {
            "config": Object {
              "options": Array [
                Object {
                  "key": "inside",
                  "label": "Inside sales",
                },
                Object {
                  "key": "outside",
                  "label": "Outside Sales",
                },
                Object {
                  "key": "support",
                  "label": "Sales Support",
                },
                Object {
                  "key": "client",
                  "label": "Client Services",
                },
                Object {
                  "key": "lead",
                  "label": "Lead Generation",
                },
                Object {
                  "key": "bisdev",
                  "label": "Business Dev Managers",
                },
                Object {
                  "key": "account",
                  "label": "Account Managers",
                },
              ],
              "searchMode": "has_all",
            },
            "group": "primary",
            "id": "salesRole",
            "label": "Role",
            "queryParamNames": Array [
              "salesRole",
            ],
            "type": "SelectSingleFilter",
          },
          Object {
            "config": Object {
              "options": Array [
                Object {
                  "key": "retail",
                  "label": "Retail Sales",
                },
                Object {
                  "key": "b2b",
                  "label": "Business to Business",
                },
                Object {
                  "key": "b2c",
                  "label": "Business to Customer",
                },
                Object {
                  "key": "other",
                  "label": "Other",
                },
              ],
            },
            "group": "primary",
            "id": "industryFocus",
            "label": "Industry Focus",
            "queryParamNames": Array [
              "industryFocus",
            ],
            "type": "SelectSingleFilter",
          },
          Object {
            "config": Object {
              "options": Array [
                Object {
                  "key": "0-1",
                  "label": "0-1 Years",
                },
                Object {
                  "key": "2-5",
                  "label": "2-5 Years",
                },
                Object {
                  "key": "5-10",
                  "label": "5-10 Years",
                },
                Object {
                  "key": "10+",
                  "label": "10+ Years",
                },
              ],
            },
            "group": "primary",
            "id": "yearsExperiance",
            "label": "Years Experiance",
            "queryParamNames": Array [
              "yearsExperiance",
            ],
            "type": "SelectSingleFilter",
          },
          Object {
            "config": Object {
              "options": Array [
                Object {
                  "key": "1",
                  "label": "Example 1",
                },
                Object {
                  "key": "2",
                  "label": "Example 2",
                },
                Object {
                  "key": "3",
                  "label": "Example 3",
                },
                Object {
                  "key": "4",
                  "label": "Example 4",
                },
              ],
            },
            "group": "secondary",
            "id": "exampleFilter",
            "label": "Example Filter",
            "queryParamNames": Array [
              "exampleFilter",
            ],
            "type": "SelectSingleFilter",
          },
        ]
      }
      history={
        Object {
          "push": [Function],
        }
      }
      listings={Array []}
      onActivateListing={[Function]}
      onCloseModal={[Function]}
      onManageDisableScrolling={[Function]}
      onMapIconClick={[Function]}
      onOpenModal={[Function]}
      pagination={
        Object {
          "page": 1,
          "perPage": 12,
          "totalItems": 22,
          "totalPages": 2,
        }
      }
      resultsCount={0}
      rootClassName={null}
      searchInProgress={false}
      searchListingsError={null}
      searchParamsAreInSync={true}
      searchParamsForPagination={Object {}}
      showAsModalMaxWidth={768}
      sortConfig={
        Object {
          "active": true,
          "conflictingFilters": Array [
            "keyword",
          ],
          "options": Array [
            Object {
              "key": "createdAt",
              "label": "Newest",
            },
            Object {
              "key": "-createdAt",
              "label": "Oldest",
            },
            Object {
              "key": "-price",
              "label": "Lowest price",
            },
            Object {
              "key": "price",
              "label": "Highest price",
            },
            Object {
              "key": "relevance",
              "label": "Relevance",
              "longLabel": "Relevance (Keyword search)",
            },
          ],
          "queryParamName": "sort",
          "relevanceKey": "relevance",
        }
      }
      urlQueryParams={Object {}}
    />
    <withViewport(ModalInMobileComponent)
      className="mapPanel"
      id="SearchPage.map"
      isModalOpenOnMobile={false}
      onClose={[Function]}
      onManageDisableScrolling={[Function]}
      showAsModalMaxWidth={768}
    >
      <div
        className="mapWrapper"
      >
        <withRouter(SearchMapComponent)
          activeListingId={null}
          isSearchMapOpenOnMobile={false}
          listings={Array []}
          location={
            Object {
              "search": "",
            }
          }
          onCloseAsModal={[Function]}
          onMapMoveEnd={[Function]}
          reusableContainerClassName="map"
        />
      </div>
    </withViewport(ModalInMobileComponent)>
  </div>
</Page>
`;
