// Jest Snapshot v1, https://goo.gl/fbAQLP

exports[`TopbarDesktop data matches snapshot 1`] = `
<nav
  className="root"
>
  <a
    className="logoLink NamedLink_active"
    href="/"
    onClick={[Function]}
    style={Object {}}
    title={null}
  >
    <img
      alt="TopbarDesktop.logo"
      className="logo"
      src={[Function]}
    />
  </a>
  <form
    action="/"
    className="searchLink"
    method="post"
    onSubmit={[Function]}
  >
    <input
      autoComplete="off"
      className="desktopInputRoot"
      id="keyword-search"
      name="keywords"
      onBlur={[Function]}
      onChange={[Function]}
      onFocus={[Function]}
      placeholder="TopbarSearchForm.placeholder"
      type="text"
      value=""
    />
  </form>
  <a
    className="inboxLink"
    href="/inbox/sales"
    onClick={[Function]}
    style={Object {}}
    title={null}
  >
    <span
      className="inbox"
    >
      <span>
        TopbarDesktop.inbox
      </span>
    </span>
  </a>
  <div
    className="root"
    onBlur={[Function]}
    onKeyDown={[Function]}
    tabIndex={0}
  >
    <button
      className="root profileMenuLabel"
      onBlur={[Function]}
      onClick={[Function]}
    >
      <div
        className="root avatar"
        title=""
      >
        <span
          className="initials"
        />
      </div>
    </button>
    <div
      className="root profileMenuContent isClosed"
      style={
        Object {
          "left": "-10000px",
        }
      }
    >
      <ul
        className="content"
      >
        <li
          className="root"
          role="menuitem"
        />
        <li
          className="root"
          role="menuitem"
        >
          <a
            className="profileSettingsLink"
            href="/profile-settings"
            onClick={[Function]}
            style={Object {}}
            title={null}
          >
            <span
              className="menuItemBorder"
            />
            <span>
              TopbarDesktop.profileSettingsLink
            </span>
          </a>
        </li>
        <li
          className="root"
          role="menuitem"
        >
          <a
            className="yourListingsLink"
            href="/account"
            onClick={[Function]}
            style={Object {}}
            title={null}
          >
            <span
              className="menuItemBorder"
            />
            <span>
              TopbarDesktop.accountSettingsLink
            </span>
          </a>
        </li>
        <li
          className="root"
          role="menuitem"
        >
          <button
            className="logoutButton inlineTextButton"
            disabled={false}
            onClick={[Function]}
          >
            <span
              className="menuItemBorder"
            />
            <span>
              TopbarDesktop.logout
            </span>
          </button>
        </li>
      </ul>
    </div>
  </div>
</nav>
`;
